I'm sorry, but errors were detected in your script. Please correct the
errors listed below, and try again.


File "game/script.rpy", line 155: expected statement.
    say("?..??", "3 days.")
                           ^

File "game/script.rpy", line 156: expected statement.
    say("?..??", "They strike.")
                                ^

Ren'Py Version: Ren'Py 8.5.2.26010301
Sun Apr 12 18:38:26 2026
